Microchip MPLAB XC8 Compiler V2.00 ()

Linker command line:

-W-3 --edf=C:\Program Files (x86)\Microchip\xc8\v2.00\pic\dat\en_msgs.txt \
  -cs -h+dist/default/production\MagneticStaller.X.production.sym \
  --cmf=dist/default/production\MagneticStaller.X.production.cmf -z \
  -Q16F1508 -oC:\Users\blood\AppData\Local\Temp\s1750.2 \
  --defsym=__MPLAB_BUILD=1 \
  -Mdist/default/production/MagneticStaller.X.production.map -E1 -ver=XC8 \
  --acfsm=1493 -ASTACK=02058h-020efh -pstack=STACK -ACODE=00h-07FFhx2 \
  -ASTRCODE=00h-0FFFh -ASTRING=00h-0FFhx16 -ACONST=00h-0FFhx16 \
  -AENTRY=00h-0FFhx16 -ACOMMON=070h-07Fh -ABANK0=020h-06Fh \
  -ABANK1=0A0h-0EFh -ABANK2=0120h-016Fh -ABIGRAM=02000h-020EFh \
  -ARAM=020h-06Fh,0A0h-0EFh,0120h-016Fh \
  -AABS1=020h-07Fh,0A0h-0EFh,0120h-016Fh -ASFR0=00h-01Fh -ASFR1=080h-09Fh \
  -ASFR2=0100h-011Fh -ASFR3=0180h-01EFh -ASFR4=0200h-026Fh \
  -ASFR5=0280h-02EFh -ASFR6=0300h-036Fh -ASFR7=0380h-03EFh \
  -ASFR8=0400h-046Fh -ASFR9=0480h-04EFh -ASFR10=0500h-056Fh \
  -ASFR11=0580h-05EFh -ASFR12=0600h-066Fh -ASFR13=0680h-06EFh \
  -ASFR14=0700h-076Fh -ASFR15=0780h-07EFh -ASFR16=0800h-086Fh \
  -ASFR17=0880h-08EFh -ASFR18=0900h-096Fh -ASFR19=0980h-09EFh \
  -ASFR20=0A00h-0A6Fh -ASFR21=0A80h-0AEFh -ASFR22=0B00h-0B6Fh \
  -ASFR23=0B80h-0BEFh -ASFR24=0C00h-0C6Fh -ASFR25=0C80h-0CEFh \
  -ASFR26=0D00h-0D6Fh -ASFR27=0D80h-0DEFh -ASFR28=0E00h-0E6Fh \
  -ASFR29=0E80h-0EEFh -ASFR30=0F00h-0F6Fh -ASFR31=0F80h-0FEFh \
  -preset_vec=00h,intentry=04h,init,end_init -ppowerup=CODE -pcinit=CODE \
  -pfunctab=ENTRY -ACONFIG=08007h-08008h -pconfig=CONFIG -DCONFIG=2 \
  -AIDLOC=08000h-08003h -pidloc=IDLOC -DIDLOC=2 -DCODE=2 -DSTRCODE=2 \
  -DSTRING=2 -DCONST=2 -DENTRY=2 -k \
  C:\Users\blood\AppData\Local\Temp\s1750.o \
  dist/default/production\MagneticStaller.X.production.o 

Object code version is 3.11

Machine type is 16F1508



                Name                               Link     Load   Length Selector   Space Scale
C:\Users\blood\AppData\Local\Temp\s1750.o
                end_init                             53       53        2        8       0
                reset_vec                             0        0        2        0       0
                config                             8007     8007        2    1000E       0
dist/default/production\MagneticStaller.X.production.o
                cinit                                55       55       22        8       0
                intentry                              4        4       4F        8       0
                text70                              F3D      F3D        3     1E7A       0
                text69                              7A8      7A8       13      F24       0
                text68                              6FC      6FC       1A        8       0
                swtext1                             77A      77A       18      EF4       0
                text67                               77       77      197        8       0
                text66                              F37      F37        1     1E6E       0
                text65                              F54      F54        6     1EA8       0
                text64                              FD4      FD4        E     1FA8       0
                text63                              7FB      7FB        5      F96       0
                text62                              5BA      5BA       24        8       0
                text61                              3CD      3CD       33        8       0
                text60                              F38      F38        1     1E70       0
                text59                              F40      F40        4     1E80       0
                text58                              FF0      FF0       10     1FE0       0
                text57                              F39      F39        1     1E72       0
                text56                              F44      F44        4     1E88       0
                text55                              7EB      7EB       10      F96       0
                text54                              595      595       25        8       0
                text53                              4AD      4AD       28        8       0
                text52                              F3A      F3A        1     1E74       0
                text51                              F48      F48        4     1E90       0
                text50                              7DB      7DB       10      F96       0
                text49                              F3B      F3B        1     1E76       0
                text48                              F4C      F4C        4     1E98       0
                text47                              7CB      7CB       10      F96       0
                text46                              570      570       25        8       0
                text45                              623      623       22        8       0
                text44                              F3C      F3C        1     1E78       0
                text43                              523      523       27        8       0
                text42                              FE2      FE2        E     1FC4       0
                text41                              761      761       19        8       0
                text39                              485      485       28        8       0
                text38                              FAA      FAA        9     1F54       0
                text37                              29B      29B       52        8       0
                text36                              459      459       2C        8       0
                text35                              686      686       20        8       0
                text34                              42D      42D       2C        8       0
                text33                              20E      20E       8D        8       0
                text32                              601      601       22        8       0
                text31                              4FC      4FC       27        8       0
                text30                              F5A      F5A        6     1EB4       0
                text29                              FBC      FBC        B     1F78       0
                text28                              F60      F60        6     1EC0       0
                text27                              F66      F66        6     1ECC       0
                text26                              F6C      F6C        6     1ED8       0
                text25                              F72      F72        6     1EE4       0
                text24                              645      645       21        8       0
                text23                              FC7      FC7        D     1F8E       0
                text22                              6E2      6E2       1A        8       0
                text21                              F78      F78        6     1EF0       0
                text20                              387      387       46        8       0
                text19                              F8A      F8A        8     1F14       0
                text18                              F92      F92        8     1F24       0
                text17                              F9A      F9A        8     1F34       0
                text16                              F7E      F7E        6     1EFC       0
                text15                              792      792       16      F24       0
                text14                              FA2      FA2        8     1F44       0
                text13                              F50      F50        4     1EA0       0
                text12                              6A6      6A6       1F        8       0
                text11                              33D      33D       4A        8       0
                text10                              6C5      6C5       1D        8       0
                text9                               5DE      5DE       23        8       0
                text8                               400      400       2D        8       0
                text7                               748      748       19        8       0
                text6                               72F      72F       19        8       0
                text5                               54A      54A       26        8       0
                text4                               716      716       19        8       0
                text3                               666      666       20        8       0
                text2                               4D5      4D5       27        8       0
                text1                               FB3      FB3        9     1F66       0
                maintext                            2ED      2ED       50        8       0
                cstackBANK0                          20       20       28       20       1
                cstackCOMMON                         70       70        8       70       1
                clrtext                             F84      F84        6     1F08       0
                bssBANK1                             A0       A0        8       A0       1
                dataBANK0                            6C       6C        2       20       1
                bssBANK0                             48       48       17       20       1
                bssCOMMON                            78       78        6       70       1
                nvBANK0                              5F       5F        D       20       1
                stringtext5                         804      804        1     1000       0
                stringtext4                         803      803        1     1000       0
                stringtext3                         802      802        1     1000       0
                stringtext2                         800      800        2     1000       0
                stringtext1                         7BB      7BB       10      F76       0
                idataBANK0                            2        2        2        0       0

TOTAL           Name                               Link     Load   Length     Space
        CLASS   STACK          

        CLASS   CODE           
                end_init                             53       53        2         0
                cinit                                55       55       22         0
                intentry                              4        4       4F         0
                reset_vec                             0        0        2         0
                text70                              F3D      F3D        3         0
                text69                              7A8      7A8       13         0
                text68                              6FC      6FC       1A         0
                text67                               77       77      197         0
                text66                              F37      F37        1         0
                text65                              F54      F54        6         0
                text64                              FD4      FD4        E         0
                text63                              7FB      7FB        5         0
                text62                              5BA      5BA       24         0
                text61                              3CD      3CD       33         0
                text60                              F38      F38        1         0
                text59                              F40      F40        4         0
                text58                              FF0      FF0       10         0
                text57                              F39      F39        1         0
                text56                              F44      F44        4         0
                text55                              7EB      7EB       10         0
                text54                              595      595       25         0
                text53                              4AD      4AD       28         0
                text52                              F3A      F3A        1         0
                text51                              F48      F48        4         0
                text50                              7DB      7DB       10         0
                text49                              F3B      F3B        1         0
                text48                              F4C      F4C        4         0
                text47                              7CB      7CB       10         0
                text46                              570      570       25         0
                text45                              623      623       22         0
                text44                              F3C      F3C        1         0
                text43                              523      523       27         0
                text42                              FE2      FE2        E         0
                text41                              761      761       19         0
                text39                              485      485       28         0
                text38                              FAA      FAA        9         0
                text37                              29B      29B       52         0
                text36                              459      459       2C         0
                text35                              686      686       20         0
                text34                              42D      42D       2C         0
                text33                              20E      20E       8D         0
                text32                              601      601       22         0
                text31                              4FC      4FC       27         0
                text30                              F5A      F5A        6         0
                text29                              FBC      FBC        B         0
                text28                              F60      F60        6         0
                text27                              F66      F66        6         0
                text26                              F6C      F6C        6         0
                text25                              F72      F72        6         0
                text24                              645      645       21         0
                text23                              FC7      FC7        D         0
                text22                              6E2      6E2       1A         0
                text21                              F78      F78        6         0
                text20                              387      387       46         0
                text19                              F8A      F8A        8         0
                text18                              F92      F92        8         0
                text17                              F9A      F9A        8         0
                text16                              F7E      F7E        6         0
                text15                              792      792       16         0
                text14                              FA2      FA2        8         0
                text13                              F50      F50        4         0
                text12                              6A6      6A6       1F         0
                text11                              33D      33D       4A         0
                text10                              6C5      6C5       1D         0
                text9                               5DE      5DE       23         0
                text8                               400      400       2D         0
                text7                               748      748       19         0
                text6                               72F      72F       19         0
                text5                               54A      54A       26         0
                text4                               716      716       19         0
                text3                               666      666       20         0
                text2                               4D5      4D5       27         0
                text1                               FB3      FB3        9         0
                maintext                            2ED      2ED       50         0
                clrtext                             F84      F84        6         0
                idataBANK0                            2        2        2         0

        CLASS   STRCODE        
                stringtext5                         804      804        1         0
                stringtext4                         803      803        1         0
                stringtext3                         802      802        1         0
                stringtext2                         800      800        2         0
                stringtext1                         7BB      7BB       10         0

        CLASS   STRING         

        CLASS   CONST          
                swtext1                             77A      77A       18         0

        CLASS   ENTRY          

        CLASS   COMMON         
                cstackCOMMON                         70       70        8         1
                bssCOMMON                            78       78        6         1

        CLASS   BANK0          
                cstackBANK0                          20       20       28         1
                dataBANK0                            6C       6C        2         1
                bssBANK0                             48       48       17         1
                nvBANK0                              5F       5F        D         1

        CLASS   BANK1          
                bssBANK1                             A0       A0        8         1

        CLASS   BANK2          

        CLASS   BIGRAM         

        CLASS   RAM            

        CLASS   ABS1           
                abs_s1                               7E       7E        2         1

        CLASS   SFR0           

        CLASS   SFR1           

        CLASS   SFR2           

        CLASS   SFR3           

        CLASS   SFR4           

        CLASS   SFR5           

        CLASS   SFR6           

        CLASS   SFR7           

        CLASS   SFR8           

        CLASS   SFR9           

        CLASS   SFR10          

        CLASS   SFR11          

        CLASS   SFR12          

        CLASS   SFR13          

        CLASS   SFR14          

        CLASS   SFR15          

        CLASS   SFR16          

        CLASS   SFR17          

        CLASS   SFR18          

        CLASS   SFR19          

        CLASS   SFR20          

        CLASS   SFR21          

        CLASS   SFR22          

        CLASS   SFR23          

        CLASS   SFR24          

        CLASS   SFR25          

        CLASS   SFR26          

        CLASS   SFR27          

        CLASS   SFR28          

        CLASS   SFR29          

        CLASS   SFR30          

        CLASS   SFR31          

        CLASS   CONFIG         
                config                             8007     8007        2         0

        CLASS   IDLOC          

        CLASS   BANK31         

        CLASS   BANK30         

        CLASS   BANK29         

        CLASS   BANK28         

        CLASS   BANK27         

        CLASS   BANK26         

        CLASS   BANK25         

        CLASS   BANK24         

        CLASS   BANK23         

        CLASS   BANK22         

        CLASS   BANK21         

        CLASS   BANK20         

        CLASS   BANK19         

        CLASS   BANK18         

        CLASS   BANK17         

        CLASS   BANK16         

        CLASS   BANK15         

        CLASS   BANK14         

        CLASS   BANK13         

        CLASS   BANK12         

        CLASS   BANK11         

        CLASS   BANK10         

        CLASS   BANK9          

        CLASS   BANK8          

        CLASS   BANK7          

        CLASS   BANK6          

        CLASS   BANK5          

        CLASS   BANK4          

        CLASS   BANK3          

        CLASS   EEDATA         



SEGMENTS        Name                           Load    Length   Top    Selector   Space  Class     Delta

                reset_vec                      000000  000004  000004         0       0  CODE        2
                intentry                       000004  000776  00077A         8       0  CODE        2
                cstackBANK0                    000020  00004E  00006E        20       1  BANK0       1
                cstackCOMMON                   000070  00000E  00007E        70       1  COMMON      1
                bssBANK1                       0000A0  000008  0000A8        A0       1  BANK1       1
                swtext1                        00077A  000018  000792       EF4       0  CONST       2
                text15                         000792  000029  0007BB       F24       0  CODE        2
                stringtext1                    0007BB  000010  0007CB       F76       0  STRCODE     2
                text47                         0007CB  000035  000800       F96       0  CODE        2
                stringtext2                    000800  000005  000805      1000       0  STRCODE     2
                text66                         000F37  000001  000F38      1E6E       0  CODE        2
                text60                         000F38  000001  000F39      1E70       0  CODE        2
                text57                         000F39  000001  000F3A      1E72       0  CODE        2
                text52                         000F3A  000001  000F3B      1E74       0  CODE        2
                text49                         000F3B  000001  000F3C      1E76       0  CODE        2
                text44                         000F3C  000001  000F3D      1E78       0  CODE        2
                text70                         000F3D  000003  000F40      1E7A       0  CODE        2
                text59                         000F40  000004  000F44      1E80       0  CODE        2
                text56                         000F44  000004  000F48      1E88       0  CODE        2
                text51                         000F48  000004  000F4C      1E90       0  CODE        2
                text48                         000F4C  000004  000F50      1E98       0  CODE        2
                text13                         000F50  000004  000F54      1EA0       0  CODE        2
                text65                         000F54  000006  000F5A      1EA8       0  CODE        2
                text30                         000F5A  000006  000F60      1EB4       0  CODE        2
                text28                         000F60  000006  000F66      1EC0       0  CODE        2
                text27                         000F66  000006  000F6C      1ECC       0  CODE        2
                text26                         000F6C  000006  000F72      1ED8       0  CODE        2
                text25                         000F72  000006  000F78      1EE4       0  CODE        2
                text21                         000F78  000006  000F7E      1EF0       0  CODE        2
                text16                         000F7E  000006  000F84      1EFC       0  CODE        2
                clrtext                        000F84  000006  000F8A      1F08       0  CODE        2
                text19                         000F8A  000008  000F92      1F14       0  CODE        2
                text18                         000F92  000008  000F9A      1F24       0  CODE        2
                text17                         000F9A  000008  000FA2      1F34       0  CODE        2
                text14                         000FA2  000008  000FAA      1F44       0  CODE        2
                text38                         000FAA  000009  000FB3      1F54       0  CODE        2
                text1                          000FB3  000009  000FBC      1F66       0  CODE        2
                text29                         000FBC  00000B  000FC7      1F78       0  CODE        2
                text23                         000FC7  00000D  000FD4      1F8E       0  CODE        2
                text64                         000FD4  00000E  000FE2      1FA8       0  CODE        2
                text42                         000FE2  00000E  000FF0      1FC4       0  CODE        2
                text58                         000FF0  000010  001000      1FE0       0  CODE        2
                config                         008007  000002  008009     1000E       0  CONFIG      2


UNUSED ADDRESS RANGES

        Name                Unused          Largest block    Delta
        BANK0            0006E-0006F               2           1
        BANK1            000A8-000EF              48           1
        BANK2            00120-0016F              50           1
        BIGRAM           02000-020EF              F0           1
        CODE             00805-00F36             732           2
        CONST            00805-00F36             100           2
        ENTRY            00805-00F36             100           2
        IDLOC            08000-08003               4           2
        RAM              0006E-0006F               2           1
                         000A8-000EF              48
                         00120-0016F              50
        SFR0             00000-0001F              20           1
        SFR1             00080-0009F              20           1
        SFR10            00500-0056F              70           1
        SFR11            00580-005EF              70           1
        SFR12            00600-0066F              70           1
        SFR13            00680-006EF              70           1
        SFR14            00700-0076F              70           1
        SFR15            00780-007EF              70           1
        SFR16            00800-0086F              70           1
        SFR17            00880-008EF              70           1
        SFR18            00900-0096F              70           1
        SFR19            00980-009EF              70           1
        SFR2             00100-0011F              20           1
        SFR20            00A00-00A6F              70           1
        SFR21            00A80-00AEF              70           1
        SFR22            00B00-00B6F              70           1
        SFR23            00B80-00BEF              70           1
        SFR24            00C00-00C6F              70           1
        SFR25            00C80-00CEF              70           1
        SFR26            00D00-00D6F              70           1
        SFR27            00D80-00DEF              70           1
        SFR28            00E00-00E6F              70           1
        SFR29            00E80-00EEF              70           1
        SFR3             00180-001EF              70           1
        SFR30            00F00-00F6F              70           1
        SFR31            00F80-00FEF              70           1
        SFR4             00200-0026F              70           1
        SFR5             00280-002EF              70           1
        SFR6             00300-0036F              70           1
        SFR7             00380-003EF              70           1
        SFR8             00400-0046F              70           1
        SFR9             00480-004EF              70           1
        STACK            02058-020EF              98           1
        STRCODE          00805-00F36             732           2
        STRING           00805-00F36             100           2

                                  Symbol Table

?___wmul                                    cstackCOMMON 00070
GetFaultState@reg2                          cstackBANK0  00044
GetFaultState@rtn                           cstackBANK0  00043
I2C_ISR@i2c_10bit_address_restart           bssBANK0     00057
I2C_ISR@i2c_address                         bssCOMMON    0007C
I2C_ISR@i2c_bytes_left                      bssBANK0     00058
I2C_ISR@pi2c_buf_ptr                        bssBANK0     00059
I2C_MasterRead@address                      cstackBANK0  00028
I2C_MasterRead@length                       cstackBANK0  00027
I2C_MasterRead@pdata                        cstackBANK0  0002D
I2C_MasterRead@pflag                        cstackBANK0  0002A
I2C_MasterRead@trBlock                      bssBANK1     000A0
I2C_MasterReadTRBBuild@address              cstackBANK0  00022
I2C_MasterReadTRBBuild@length               cstackBANK0  00021
I2C_MasterReadTRBBuild@pdata                cstackBANK0  00020
I2C_MasterReadTRBBuild@ptrb                 cstackBANK0  00026
I2C_MasterTRBInsert@count                   cstackBANK0  00023
I2C_MasterTRBInsert@pflag                   cstackBANK0  00021
I2C_MasterTRBInsert@ptrb_list               cstackBANK0  00020
I2C_MasterWrite@address                     cstackBANK0  00028
I2C_MasterWrite@length                      cstackBANK0  00027
I2C_MasterWrite@pdata                       cstackBANK0  0002D
I2C_MasterWrite@pflag                       cstackBANK0  0002A
I2C_MasterWrite@trBlock                     bssBANK1     000A4
I2C_MasterWriteTRBBuild@address             cstackBANK0  00022
I2C_MasterWriteTRBBuild@length              cstackBANK0  00021
I2C_MasterWriteTRBBuild@pdata               cstackBANK0  00020
I2C_MasterWriteTRBBuild@ptrb                cstackBANK0  00026
I2C_Stop@completion_code                    cstackCOMMON 00071
INT_SetInterruptHandler@InterruptHandler    cstackBANK0  00020
IOCAF4_SetInterruptHandler@InterruptHandler cstackBANK0  00020
IOCAF5_SetInterruptHandler@InterruptHandler cstackBANK0  00020
IOCBF5_SetInterruptHandler@InterruptHandler cstackBANK0  00020
IOCBF7_SetInterruptHandler@InterruptHandler cstackBANK0  00020
PWM1_LoadDutyValue@dutyValue                cstackBANK0  00020
PWM2_LoadDutyValue@dutyValue                cstackBANK0  00020
PWM4_LoadDutyValue@dutyValue                cstackBANK0  00020
SetMotorSpeed@reg1                          cstackBANK0  00044
TMR0_ISR@CountCallBack                      bssBANK0     00051
TMR0_SetInterruptHandler@InterruptHandler   cstackBANK0  00020
_ANSELA                                     (abs)        0018C
_ANSELB                                     (abs)        0018D
_ANSELC                                     (abs)        0018E
_APFCON                                     (abs)        0011D
_BORCON                                     (abs)        00116
_EXT_INT_Initialize                         text23       00FC7
_GetFaultState                              text31       004FC
_Hole_Initialize                            text29       00FBC
_I2C_BusCollisionISR                        text70       00F3D
_I2C_FunctionComplete                       text69       007A8
_I2C_ISR                                    text67       00077
_I2C_Initialize                             text22       006E2
_I2C_MasterRead                             text36       00459
_I2C_MasterReadTRBBuild                     text39       00485
_I2C_MasterTRBInsert                        text37       0029B
_I2C_MasterWrite                            text34       0042D
_I2C_MasterWriteTRBBuild                    text35       00686
_I2C_Stop                                   text68       006FC
_I2C_WaitForLastPacketToComplete            text38       00FAA
_INTCONbits                                 (abs)        0000B
_INTCustumInterruptHandler                  text65       00F54
_INTERRUPT_InterruptManager                 intentry     00004
_INT_CallBack                               text64       00FD4
_INT_DefaultInterruptHandler                text66       00F37
_INT_ISR                                    text63       007FB
_INT_InterruptHandler                       nvBANK0      00067
_INT_SetInterruptHandler                    text30       00F5A
_IOCAF4_CustumInterruptHandler              text59       00F40
_IOCAF4_DefaultInterruptHandler             text60       00F38
_IOCAF4_ISR                                 text58       00FF0
_IOCAF4_InterruptHandler                    nvBANK0      00065
_IOCAF4_SetInterruptHandler                 text28       00F60
_IOCAF5_CustumInterruptHandler              text56       00F44
_IOCAF5_DefaultInterruptHandler             text57       00F39
_IOCAF5_ISR                                 text55       007EB
_IOCAF5_InterruptHandler                    nvBANK0      00063
_IOCAF5_SetInterruptHandler                 text27       00F66
_IOCAFbits                                  (abs)        00393
_IOCANbits                                  (abs)        00392
_IOCAPbits                                  (abs)        00391
_IOCBF5_CustumInterruptHandler              text51       00F48
_IOCBF5_DefaultInterruptHandler             text52       00F3A
_IOCBF5_ISR                                 text50       007DB
_IOCBF5_InterruptHandler                    nvBANK0      00061
_IOCBF5_SetInterruptHandler                 text26       00F6C
_IOCBF7_CustumInterruptHandler              text48       00F4C
_IOCBF7_DefaultInterruptHandler             text49       00F3B
_IOCBF7_ISR                                 text47       007CB
_IOCBF7_InterruptHandler                    nvBANK0      0005F
_IOCBF7_SetInterruptHandler                 text25       00F72
_IOCBFbits                                  (abs)        00396
_IOCBNbits                                  (abs)        00395
_IOCBPbits                                  (abs)        00394
_LATA                                       (abs)        0010C
_LATB                                       (abs)        0010D
_LATC                                       (abs)        0010E
_LATCbits                                   (abs)        0010E
_OPTION_REG                                 (abs)        00095
_OPTION_REGbits                             (abs)        00095
_OSCCON                                     (abs)        00099
_OSCILLATOR_Initialize                      text21       00F78
_PIE1bits                                   (abs)        00091
_PIE2bits                                   (abs)        00092
_PIN_MANAGER_IOC                            text46       00570
_PIN_MANAGER_Initialize                     text20       00387
_PIR1bits                                   (abs)        00011
_PIR2bits                                   (abs)        00012
_PORTAbits                                  (abs)        0000C
_PORTBbits                                  (abs)        0000D
_PORTCbits                                  (abs)        0000E
_PR2                                        (abs)        0001B
_PWM1CON                                    (abs)        00613
_PWM1DCH                                    (abs)        00612
_PWM1DCL                                    (abs)        00611
_PWM1_Initialize                            text19       00F8A
_PWM1_LoadDutyValue                         text7        00748
_PWM2CON                                    (abs)        00616
_PWM2DCH                                    (abs)        00615
_PWM2DCL                                    (abs)        00614
_PWM2_Initialize                            text18       00F92
_PWM2_LoadDutyValue                         text4        00716
_PWM4CON                                    (abs)        0061C
_PWM4DCH                                    (abs)        0061B
_PWM4DCL                                    (abs)        0061A
_PWM4_Initialize                            text17       00F9A
_PWM4_LoadDutyValue                         text6        0072F
_RE_Initialize                              text24       00645
_SSP1ADD                                    (abs)        00212
_SSP1BUF                                    (abs)        00211
_SSP1CON1                                   (abs)        00215
_SSP1CON1bits                               (abs)        00215
_SSP1CON2bits                               (abs)        00216
_SSP1CON3                                   (abs)        00217
_SSP1STAT                                   (abs)        00214
_SYSTEM_Initialize                          text12       006A6
_SetMotorSpeed                              text8        00400
_SetPWMHeater                               text5        0054A
_SetPWMMorter                               text3        00666
_T2CON                                      (abs)        0001C
_T2CONbits                                  (abs)        0001C
_TMR0                                       (abs)        00015
_TMR0_CallBack                              text42       00FE2
_TMR0_CustumInterruptHandler                text43       00523
_TMR0_DefaultInterruptHandler               text44       00F3C
_TMR0_ISR                                   text41       00761
_TMR0_Initialize                            text15       00792
_TMR0_InterruptHandler                      nvBANK0      00069
_TMR0_SetInterruptHandler                   text16       00F7E
_TMR2                                       (abs)        0001A
_TMR2_Initialize                            text14       00FA2
_TRISA                                      (abs)        0008C
_TRISB                                      (abs)        0008D
_TRISC                                      (abs)        0008E
_WDTCON                                     (abs)        00097
_WDT_Initialize                             text13       00F50
_WPUA                                       (abs)        0020C
_WPUB                                       (abs)        0020D
__CFG_BOREN$ON                              (abs)        00000
__CFG_BORV$LO                               (abs)        00000
__CFG_CLKOUTEN$OFF                          (abs)        00000
__CFG_CP$OFF                                (abs)        00000
__CFG_FCMEN$ON                              (abs)        00000
__CFG_FOSC$INTOSC                           (abs)        00000
__CFG_IESO$ON                               (abs)        00000
__CFG_LPBOR$OFF                             (abs)        00000
__CFG_LVP$ON                                (abs)        00000
__CFG_MCLRE$ON                              (abs)        00000
__CFG_PWRTE$OFF                             (abs)        00000
__CFG_STVREN$ON                             (abs)        00000
__CFG_WDTE$OFF                              (abs)        00000
__CFG_WRT$OFF                               (abs)        00000
__Habs1                                     abs1         00000
__Hbank0                                    bank0        00000
__Hbank1                                    bank1        00000
__Hbank10                                   bank10       00000
__Hbank11                                   bank11       00000
__Hbank12                                   bank12       00000
__Hbank13                                   bank13       00000
__Hbank14                                   bank14       00000
__Hbank15                                   bank15       00000
__Hbank16                                   bank16       00000
__Hbank17                                   bank17       00000
__Hbank18                                   bank18       00000
__Hbank19                                   bank19       00000
__Hbank2                                    bank2        00000
__Hbank20                                   bank20       00000
__Hbank21                                   bank21       00000
__Hbank22                                   bank22       00000
__Hbank23                                   bank23       00000
__Hbank24                                   bank24       00000
__Hbank25                                   bank25       00000
__Hbank26                                   bank26       00000
__Hbank27                                   bank27       00000
__Hbank28                                   bank28       00000
__Hbank29                                   bank29       00000
__Hbank3                                    bank3        00000
__Hbank30                                   bank30       00000
__Hbank31                                   bank31       00000
__Hbank4                                    bank4        00000
__Hbank5                                    bank5        00000
__Hbank6                                    bank6        00000
__Hbank7                                    bank7        00000
__Hbank8                                    bank8        00000
__Hbank9                                    bank9        00000
__Hbigram                                   bigram       00000
__HbssBANK0                                 bssBANK0     00000
__HbssBANK1                                 bssBANK1     00000
__HbssCOMMON                                bssCOMMON    00000
__Hcinit                                    cinit        00077
__Hclrtext                                  clrtext      00000
__Hcode                                     code         00000
__Hcommon                                   common       00000
__Hconfig                                   config       08009
__HcstackBANK0                              cstackBANK0  00000
__HcstackCOMMON                             cstackCOMMON 00000
__HdataBANK0                                dataBANK0    00000
__Heeprom_data                              eeprom_data  00000
__Hend_init                                 end_init     00055
__Hfunctab                                  functab      00000
__HidataBANK0                               idataBANK0   00000
__Hidloc                                    idloc        00000
__Hinit                                     init         00053
__Hintentry                                 intentry     00053
__Hmaintext                                 maintext     00000
__HnvBANK0                                  nvBANK0      00000
__Hpowerup                                  powerup      00000
__Hram                                      ram          00000
__Hreset_vec                                reset_vec    00002
__Hsfr0                                     sfr0         00000
__Hsfr1                                     sfr1         00000
__Hsfr10                                    sfr10        00000
__Hsfr11                                    sfr11        00000
__Hsfr12                                    sfr12        00000
__Hsfr13                                    sfr13        00000
__Hsfr14                                    sfr14        00000
__Hsfr15                                    sfr15        00000
__Hsfr16                                    sfr16        00000
__Hsfr17                                    sfr17        00000
__Hsfr18                                    sfr18        00000
__Hsfr19                                    sfr19        00000
__Hsfr2                                     sfr2         00000
__Hsfr20                                    sfr20        00000
__Hsfr21                                    sfr21        00000
__Hsfr22                                    sfr22        00000
__Hsfr23                                    sfr23        00000
__Hsfr24                                    sfr24        00000
__Hsfr25                                    sfr25        00000
__Hsfr26                                    sfr26        00000
__Hsfr27                                    sfr27        00000
__Hsfr28                                    sfr28        00000
__Hsfr29                                    sfr29        00000
__Hsfr3                                     sfr3         00000
__Hsfr30                                    sfr30        00000
__Hsfr31                                    sfr31        00000
__Hsfr4                                     sfr4         00000
__Hsfr5                                     sfr5         00000
__Hsfr6                                     sfr6         00000
__Hsfr7                                     sfr7         00000
__Hsfr8                                     sfr8         00000
__Hsfr9                                     sfr9         00000
__Hspace_0                                  (abs)        08009
__Hspace_1                                  (abs)        000A8
__Hspace_2                                  (abs)        00000
__Hspace_3                                  (abs)        00000
__Hstack                                    stack        00000
__Hstrings                                  strings      00000
__Hstringtext1                              stringtext1  00000
__Hstringtext2                              stringtext2  00000
__Hstringtext3                              stringtext3  00000
__Hstringtext4                              stringtext4  00000
__Hstringtext5                              stringtext5  00000
__Htext                                     text         00000
__Labs1                                     abs1         00000
__Lbank0                                    bank0        00000
__Lbank1                                    bank1        00000
__Lbank10                                   bank10       00000
__Lbank11                                   bank11       00000
__Lbank12                                   bank12       00000
__Lbank13                                   bank13       00000
__Lbank14                                   bank14       00000
__Lbank15                                   bank15       00000
__Lbank16                                   bank16       00000
__Lbank17                                   bank17       00000
__Lbank18                                   bank18       00000
__Lbank19                                   bank19       00000
__Lbank2                                    bank2        00000
__Lbank20                                   bank20       00000
__Lbank21                                   bank21       00000
__Lbank22                                   bank22       00000
__Lbank23                                   bank23       00000
__Lbank24                                   bank24       00000
__Lbank25                                   bank25       00000
__Lbank26                                   bank26       00000
__Lbank27                                   bank27       00000
__Lbank28                                   bank28       00000
__Lbank29                                   bank29       00000
__Lbank3                                    bank3        00000
__Lbank30                                   bank30       00000
__Lbank31                                   bank31       00000
__Lbank4                                    bank4        00000
__Lbank5                                    bank5        00000
__Lbank6                                    bank6        00000
__Lbank7                                    bank7        00000
__Lbank8                                    bank8        00000
__Lbank9                                    bank9        00000
__Lbigram                                   bigram       00000
__LbssBANK0                                 bssBANK0     00000
__LbssBANK1                                 bssBANK1     00000
__LbssCOMMON                                bssCOMMON    00000
__Lcinit                                    cinit        00055
__Lclrtext                                  clrtext      00000
__Lcode                                     code         00000
__Lcommon                                   common       00000
__Lconfig                                   config       08007
__LcstackBANK0                              cstackBANK0  00000
__LcstackCOMMON                             cstackCOMMON 00000
__LdataBANK0                                dataBANK0    00000
__Leeprom_data                              eeprom_data  00000
__Lend_init                                 end_init     00053
__Lfunctab                                  functab      00000
__LidataBANK0                               idataBANK0   00000
__Lidloc                                    idloc        00000
__Linit                                     init         00053
__Lintentry                                 intentry     00004
__Lmaintext                                 maintext     00000
__LnvBANK0                                  nvBANK0      00000
__Lpowerup                                  powerup      00000
__Lram                                      ram          00000
__Lreset_vec                                reset_vec    00000
__Lsfr0                                     sfr0         00000
__Lsfr1                                     sfr1         00000
__Lsfr10                                    sfr10        00000
__Lsfr11                                    sfr11        00000
__Lsfr12                                    sfr12        00000
__Lsfr13                                    sfr13        00000
__Lsfr14                                    sfr14        00000
__Lsfr15                                    sfr15        00000
__Lsfr16                                    sfr16        00000
__Lsfr17                                    sfr17        00000
__Lsfr18                                    sfr18        00000
__Lsfr19                                    sfr19        00000
__Lsfr2                                     sfr2         00000
__Lsfr20                                    sfr20        00000
__Lsfr21                                    sfr21        00000
__Lsfr22                                    sfr22        00000
__Lsfr23                                    sfr23        00000
__Lsfr24                                    sfr24        00000
__Lsfr25                                    sfr25        00000
__Lsfr26                                    sfr26        00000
__Lsfr27                                    sfr27        00000
__Lsfr28                                    sfr28        00000
__Lsfr29                                    sfr29        00000
__Lsfr3                                     sfr3         00000
__Lsfr30                                    sfr30        00000
__Lsfr31                                    sfr31        00000
__Lsfr4                                     sfr4         00000
__Lsfr5                                     sfr5         00000
__Lsfr6                                     sfr6         00000
__Lsfr7                                     sfr7         00000
__Lsfr8                                     sfr8         00000
__Lsfr9                                     sfr9         00000
__Lspace_0                                  (abs)        00000
__Lspace_1                                  (abs)        00000
__Lspace_2                                  (abs)        00000
__Lspace_3                                  (abs)        00000
__Lstack                                    stack        00000
__Lstrings                                  strings      00000
__Lstringtext1                              stringtext1  00000
__Lstringtext2                              stringtext2  00000
__Lstringtext3                              stringtext3  00000
__Lstringtext4                              stringtext4  00000
__Lstringtext5                              stringtext5  00000
__Ltext                                     text         00000
__S0                                        (abs)        08009
__S1                                        (abs)        000A8
__S2                                        (abs)        00000
___int_sp                                   stack        00000
___latbits                                  (abs)        00001
___sp                                       stack        00000
___wmul                                     text45       00623
___wmul@multiplicand                        cstackCOMMON 00072
___wmul@multiplier                          cstackCOMMON 00070
___wmul@product                             cstackCOMMON 00074
__end_of_EXT_INT_Initialize                 text23       00FD4
__end_of_GetFaultState                      text31       00523
__end_of_Hole_Initialize                    text29       00FC7
__end_of_I2C_BusCollisionISR                text70       00F40
__end_of_I2C_FunctionComplete               text69       007BB
__end_of_I2C_ISR                            text67       0020E
__end_of_I2C_Initialize                     text22       006FC
__end_of_I2C_MasterRead                     text36       00485
__end_of_I2C_MasterReadTRBBuild             text39       004AD
__end_of_I2C_MasterTRBInsert                text37       002ED
__end_of_I2C_MasterWrite                    text34       00459
__end_of_I2C_MasterWriteTRBBuild            text35       006A6
__end_of_I2C_Stop                           text68       00716
__end_of_I2C_WaitForLastPacketToComplete    text38       00FB3
__end_of_INTCustumInterruptHandler          text65       00F5A
__end_of_INTERRUPT_InterruptManager         intentry     00053
__end_of_INT_CallBack                       text64       00FE2
__end_of_INT_DefaultInterruptHandler        text66       00F38
__end_of_INT_ISR                            text63       00800
__end_of_INT_SetInterruptHandler            text30       00F60
__end_of_IOCAF4_CustumInterruptHandler      text59       00F44
__end_of_IOCAF4_DefaultInterruptHandler     text60       00F39
__end_of_IOCAF4_ISR                         text58       01000
__end_of_IOCAF4_SetInterruptHandler         text28       00F66
__end_of_IOCAF5_CustumInterruptHandler      text56       00F48
__end_of_IOCAF5_DefaultInterruptHandler     text57       00F3A
__end_of_IOCAF5_ISR                         text55       007FB
__end_of_IOCAF5_SetInterruptHandler         text27       00F6C
__end_of_IOCBF5_CustumInterruptHandler      text51       00F4C
__end_of_IOCBF5_DefaultInterruptHandler     text52       00F3B
__end_of_IOCBF5_ISR                         text50       007EB
__end_of_IOCBF5_SetInterruptHandler         text26       00F72
__end_of_IOCBF7_CustumInterruptHandler      text48       00F50
__end_of_IOCBF7_DefaultInterruptHandler     text49       00F3C
__end_of_IOCBF7_ISR                         text47       007DB
__end_of_IOCBF7_SetInterruptHandler         text25       00F78
__end_of_OSCILLATOR_Initialize              text21       00F7E
__end_of_PIN_MANAGER_IOC                    text46       00595
__end_of_PIN_MANAGER_Initialize             text20       003CD
__end_of_PWM1_Initialize                    text19       00F92
__end_of_PWM1_LoadDutyValue                 text7        00761
__end_of_PWM2_Initialize                    text18       00F9A
__end_of_PWM2_LoadDutyValue                 text4        0072F
__end_of_PWM4_Initialize                    text17       00FA2
__end_of_PWM4_LoadDutyValue                 text6        00748
__end_of_RE_Initialize                      text24       00666
__end_of_SYSTEM_Initialize                  text12       006C5
__end_of_SetMotorSpeed                      text8        0042D
__end_of_SetPWMHeater                       text5        00570
__end_of_SetPWMMorter                       text3        00686
__end_of_TMR0_CallBack                      text42       00FF0
__end_of_TMR0_CustumInterruptHandler        text43       0054A
__end_of_TMR0_DefaultInterruptHandler       text44       00F3D
__end_of_TMR0_ISR                           text41       0077A
__end_of_TMR0_Initialize                    text15       007A8
__end_of_TMR0_SetInterruptHandler           text16       00F84
__end_of_TMR2_Initialize                    text14       00FAA
__end_of_WDT_Initialize                     text13       00F54
__end_of___wmul                             text45       00645
__end_of__initialization                    cinit        00073
__end_of_cbRE1                              text61       00400
__end_of_cbRE2                              text53       004D5
__end_of_getTemp                            text2        004FC
__end_of_i2cRead                            text33       0029B
__end_of_i2cRegisterRead1Byte               text32       00623
__end_of_i2cRegisterWrite1Byte              text10       006E2
__end_of_i2cWrite                           text11       00387
__end_of_main                               maintext     0033D
__end_of_rePattern                          stringtext1  007CB
__end_of_readRE1                            text62       005DE
__end_of_readRE2                            text54       005BA
__end_of_rpm_multipuler                     stringtext3  00803
__end_of_stts751addr                        stringtext2  00802
__end_of_tempHighreg                        stringtext5  00805
__end_of_tempLowreg                         stringtext4  00804
__end_of_tmr0Handler_Initialize             text1        00FBC
__end_of_zeroMotorParam                     text9        00601
__initialization                            cinit        00055
__pbssBANK0                                 bssBANK0     00048
__pbssBANK1                                 bssBANK1     000A0
__pbssCOMMON                                bssCOMMON    00078
__pcstackBANK0                              cstackBANK0  00020
__pcstackCOMMON                             cstackCOMMON 00070
__pdataBANK0                                dataBANK0    0006C
__pidataBANK0                               idataBANK0   00002
__pintentry                                 intentry     00004
__pmaintext                                 maintext     002ED
__pnvBANK0                                  nvBANK0      0005F
__pstringtext1                              stringtext1  007BB
__pstringtext2                              stringtext2  00800
__pstringtext3                              stringtext3  00802
__pstringtext4                              stringtext4  00803
__pstringtext5                              stringtext5  00804
__pswtext1                                  swtext1      0077A
__ptext1                                    text1        00FB3
__ptext10                                   text10       006C5
__ptext11                                   text11       0033D
__ptext12                                   text12       006A6
__ptext13                                   text13       00F50
__ptext14                                   text14       00FA2
__ptext15                                   text15       00792
__ptext16                                   text16       00F7E
__ptext17                                   text17       00F9A
__ptext18                                   text18       00F92
__ptext19                                   text19       00F8A
__ptext2                                    text2        004D5
__ptext20                                   text20       00387
__ptext21                                   text21       00F78
__ptext22                                   text22       006E2
__ptext23                                   text23       00FC7
__ptext24                                   text24       00645
__ptext25                                   text25       00F72
__ptext26                                   text26       00F6C
__ptext27                                   text27       00F66
__ptext28                                   text28       00F60
__ptext29                                   text29       00FBC
__ptext3                                    text3        00666
__ptext30                                   text30       00F5A
__ptext31                                   text31       004FC
__ptext32                                   text32       00601
__ptext33                                   text33       0020E
__ptext34                                   text34       0042D
__ptext35                                   text35       00686
__ptext36                                   text36       00459
__ptext37                                   text37       0029B
__ptext38                                   text38       00FAA
__ptext39                                   text39       00485
__ptext4                                    text4        00716
__ptext41                                   text41       00761
__ptext42                                   text42       00FE2
__ptext43                                   text43       00523
__ptext44                                   text44       00F3C
__ptext45                                   text45       00623
__ptext46                                   text46       00570
__ptext47                                   text47       007CB
__ptext48                                   text48       00F4C
__ptext49                                   text49       00F3B
__ptext5                                    text5        0054A
__ptext50                                   text50       007DB
__ptext51                                   text51       00F48
__ptext52                                   text52       00F3A
__ptext53                                   text53       004AD
__ptext54                                   text54       00595
__ptext55                                   text55       007EB
__ptext56                                   text56       00F44
__ptext57                                   text57       00F39
__ptext58                                   text58       00FF0
__ptext59                                   text59       00F40
__ptext6                                    text6        0072F
__ptext60                                   text60       00F38
__ptext61                                   text61       003CD
__ptext62                                   text62       005BA
__ptext63                                   text63       007FB
__ptext64                                   text64       00FD4
__ptext65                                   text65       00F54
__ptext66                                   text66       00F37
__ptext67                                   text67       00077
__ptext68                                   text68       006FC
__ptext69                                   text69       007A8
__ptext7                                    text7        00748
__ptext70                                   text70       00F3D
__ptext8                                    text8        00400
__ptext9                                    text9        005DE
__size_of_EXT_INT_Initialize                (abs)        00000
__size_of_GetFaultState                     (abs)        00000
__size_of_Hole_Initialize                   (abs)        00000
__size_of_I2C_BusCollisionISR               (abs)        00000
__size_of_I2C_FunctionComplete              (abs)        00000
__size_of_I2C_ISR                           (abs)        00000
__size_of_I2C_Initialize                    (abs)        00000
__size_of_I2C_MasterRead                    (abs)        00000
__size_of_I2C_MasterReadTRBBuild            (abs)        00000
__size_of_I2C_MasterTRBInsert               (abs)        00000
__size_of_I2C_MasterWrite                   (abs)        00000
__size_of_I2C_MasterWriteTRBBuild           (abs)        00000
__size_of_I2C_Stop                          (abs)        00000
__size_of_I2C_WaitForLastPacketToComplete   (abs)        00000
__size_of_INTCustumInterruptHandler         (abs)        00000
__size_of_INTERRUPT_InterruptManager        (abs)        00000
__size_of_INT_CallBack                      (abs)        00000
__size_of_INT_DefaultInterruptHandler       (abs)        00000
__size_of_INT_ISR                           (abs)        00000
__size_of_INT_SetInterruptHandler           (abs)        00000
__size_of_IOCAF4_CustumInterruptHandler     (abs)        00000
__size_of_IOCAF4_DefaultInterruptHandler    (abs)        00000
__size_of_IOCAF4_ISR                        (abs)        00000
__size_of_IOCAF4_SetInterruptHandler        (abs)        00000
__size_of_IOCAF5_CustumInterruptHandler     (abs)        00000
__size_of_IOCAF5_DefaultInterruptHandler    (abs)        00000
__size_of_IOCAF5_ISR                        (abs)        00000
__size_of_IOCAF5_SetInterruptHandler        (abs)        00000
__size_of_IOCBF5_CustumInterruptHandler     (abs)        00000
__size_of_IOCBF5_DefaultInterruptHandler    (abs)        00000
__size_of_IOCBF5_ISR                        (abs)        00000
__size_of_IOCBF5_SetInterruptHandler        (abs)        00000
__size_of_IOCBF7_CustumInterruptHandler     (abs)        00000
__size_of_IOCBF7_DefaultInterruptHandler    (abs)        00000
__size_of_IOCBF7_ISR                        (abs)        00000
__size_of_IOCBF7_SetInterruptHandler        (abs)        00000
__size_of_OSCILLATOR_Initialize             (abs)        00000
__size_of_PIN_MANAGER_IOC                   (abs)        00000
__size_of_PIN_MANAGER_Initialize            (abs)        00000
__size_of_PWM1_Initialize                   (abs)        00000
__size_of_PWM1_LoadDutyValue                (abs)        00000
__size_of_PWM2_Initialize                   (abs)        00000
__size_of_PWM2_LoadDutyValue                (abs)        00000
__size_of_PWM4_Initialize                   (abs)        00000
__size_of_PWM4_LoadDutyValue                (abs)        00000
__size_of_RE_Initialize                     (abs)        00000
__size_of_SYSTEM_Initialize                 (abs)        00000
__size_of_SetMotorSpeed                     (abs)        00000
__size_of_SetPWMHeater                      (abs)        00000
__size_of_SetPWMMorter                      (abs)        00000
__size_of_TMR0_CallBack                     (abs)        00000
__size_of_TMR0_CustumInterruptHandler       (abs)        00000
__size_of_TMR0_DefaultInterruptHandler      (abs)        00000
__size_of_TMR0_ISR                          (abs)        00000
__size_of_TMR0_Initialize                   (abs)        00000
__size_of_TMR0_SetInterruptHandler          (abs)        00000
__size_of_TMR2_Initialize                   (abs)        00000
__size_of_WDT_Initialize                    (abs)        00000
__size_of___wmul                            (abs)        00000
__size_of_cbRE1                             (abs)        00000
__size_of_cbRE2                             (abs)        00000
__size_of_getTemp                           (abs)        00000
__size_of_i2cRead                           (abs)        00000
__size_of_i2cRegisterRead1Byte              (abs)        00000
__size_of_i2cRegisterWrite1Byte             (abs)        00000
__size_of_i2cWrite                          (abs)        00000
__size_of_main                              (abs)        00000
__size_of_readRE1                           (abs)        00000
__size_of_readRE2                           (abs)        00000
__size_of_tmr0Handler_Initialize            (abs)        00000
__size_of_zeroMotorParam                    (abs)        00000
_cbRE1                                      text61       003CD
_cbRE2                                      text53       004AD
_getTemp                                    text2        004D5
_i2cRead                                    text33       0020E
_i2cRegisterRead1Byte                       text32       00601
_i2cRegisterWrite1Byte                      text10       006C5
_i2cWrite                                   text11       0033D
_i2c_object                                 bssBANK0     00048
_i2c_state                                  bssCOMMON    0007B
_i2c_tr_queue                               bssBANK0     0005A
_i2c_trb_count                              bssCOMMON    0007A
_iHeaterTemp                                bssBANK0     00056
_iMotorRotate                               bssBANK0     0004D
_iMotorRotate1sCnt                          bssBANK0     00053
_iMotorRotateCnt                            bssBANK0     00054
_iPWMHeater                                 bssBANK0     0004F
_iPWMMotor                                  dataBANK0    0006C
_main                                       maintext     002ED
_p_i2c_current                              bssCOMMON    00078
_p_i2c_trb_current                          bssCOMMON    00079
_reIndex1                                   bssBANK0     0005E
_reIndex2                                   bssBANK0     0005D
_rePattern                                  stringtext1  007BB
_readRE1                                    text62       005BA
_readRE2                                    text54       00595
_rpm_multipuler                             stringtext3  00802
_sMotor                                     bssBANK0     00055
_stts751addr                                stringtext2  00800
_tempHighreg                                stringtext5  00804
_timer0ReloadVal                            nvBANK0      0006B
_tmr0Handler_Initialize                     text1        00FB3
_zeroMotorParam                             text9        005DE
btemp                                       (abs)        0007E
clear_ram0                                  clrtext      00F84
end_of_initialization                       cinit        00073
getTemp@temp                                cstackBANK0  00043
i2cRead@icount                              cstackBANK0  00032
i2cRead@pData                               cstackBANK0  00033
i2cRead@pwData                              cstackBANK0  00031
i2cRead@slaveaddr                           cstackBANK0  0002E
i2cRead@status                              cstackBANK0  00034
i2cRead@timeOut                             cstackBANK0  00037
i2cRead@wcount                              cstackBANK0  00030
i2cRegisterRead1Byte@pData                  cstackBANK0  0003B
i2cRegisterRead1Byte@regaddr                cstackBANK0  0003A
i2cRegisterRead1Byte@slaveaddr              cstackBANK0  00038
i2cRegisterRead1Byte@status                 cstackBANK0  00040
i2cRegisterRead1Byte@writeBuffer            cstackBANK0  0003F
i2cRegisterWrite1Byte@data                  cstackBANK0  00039
i2cRegisterWrite1Byte@regaddr               cstackBANK0  00038
i2cRegisterWrite1Byte@slaveaddr             cstackBANK0  00036
i2cRegisterWrite1Byte@status                cstackBANK0  0003F
i2cRegisterWrite1Byte@writeBuffer           cstackBANK0  0003D
i2cWrite@count                              cstackBANK0  00030
i2cWrite@pData                              cstackBANK0  00031
i2cWrite@slaveaddr                          cstackBANK0  0002E
i2cWrite@status                             cstackBANK0  00032
i2cWrite@timeOut                            cstackBANK0  00035
int$flags                                   (abs)        0007E
intlevel0                                   functab      00000
intlevel1                                   functab      00000
intlevel2                                   functab      00000
intlevel3                                   functab      00000
intlevel4                                   functab      00000
intlevel5                                   functab      00000
main@temp                                   cstackBANK0  00047
reset_vec                                   reset_vec    00000
stackhi                                     (abs)        020EF
stacklo                                     (abs)        02058
start                                       init         00053
start_initialization                        cinit        00055
wtemp0                                      (abs)        0007E
zeroMotorParam@reg1                         cstackBANK0  00042
zeroMotorParam@reg2                         cstackBANK0  00041


FUNCTION INFORMATION:

 *************** function _main *****************
 Defined at:
		line 57 in file "main.c"
 Parameters:    Size  Location     Type
		None
 Auto vars:     Size  Location     Type
  temp            1   39[BANK0 ] unsigned char 
 Return value:  Size  Location     Type
                  1    wreg      void 
 Registers used:
		wreg, fsr0l, fsr0h, fsr1l, fsr1h, status,2, status,0, pclath, cstack
 Tracked objects:
		On entry : 
		On exit  : 
		Unchanged: 
 Data sizes:     COMMON   BANK0   BANK1   BANK2
      Params:         0       0       0       0
      Locals:         0       1       0       0
      Temps:          0       2       0       0
      Totals:         0       3       0       0
Total ram usage:        3 bytes
 Hardware stack levels required when called:   13
 This function calls:
		_GetFaultState
		_Hole_Initialize
		_RE_Initialize
		_SYSTEM_Initialize
		_SetMotorSpeed
		_SetPWMHeater
		_SetPWMMorter
		_getTemp
		_tmr0Handler_Initialize
		_zeroMotorParam
 This function is called by:
		Startup code after reset
 This function uses a non-reentrant model


 *************** function _tmr0Handler_Initialize *****************
 Defined at:
		line 22 in file "timer0Handler.c"
 Parameters:    Size  Location     Type
		None
 Auto vars:     Size  Location     Type
		None
 Return value:  Size  Location     Type
                  1    wreg      void 
 Registers used:
		wreg, status,2, status,0, pclath, cstack
 Tracked objects:
		On entry : 
		On exit  : 
		Unchanged: 
 Data sizes:     COMMON   BANK0   BANK1   BANK2
      Params:         0       0       0       0
      Locals:         0       0       0       0
      Temps:          0       0       0       0
      Totals:         0       0       0       0
Total ram usage:        0 bytes
 Hardware stack levels used:    1
 Hardware stack levels required when called:    7
 This function calls:
		_TMR0_SetInterruptHandler
 This function is called by:
		_main
 This function uses a non-reentrant model


 *************** function _getTemp *****************
 Defined at:
		line 10 in file "i2cTherm.c"
 Parameters:    Size  Location     Type
		None
 Auto vars:     Size  Location     Type
  temp            1   35[BANK0 ] unsigned char 
 Return value:  Size  Location     Type
                  1    wreg      char 
 Registers used:
		wreg, fsr0l, fsr0h, fsr1l, fsr1h, status,2, status,0, pclath, cstack
 Tracked objects:
		On entry : 
		On exit  : 
		Unchanged: 
 Data sizes:     COMMON   BANK0   BANK1   BANK2
      Params:         0       0       0       0
      Locals:         0       1       0       0
      Temps:          0       2       0       0
      Totals:         0       3       0       0
Total ram usage:        3 bytes
 Hardware stack levels used:    1
 Hardware stack levels required when called:   11
 This function calls:
		_i2cRegisterRead1Byte
 This function is called by:
		_main
 This function uses a non-reentrant model


 *************** function _SetPWMMorter *****************
 Defined at:
		line 64 in file "rtEnc.c"
 Parameters:    Size  Location     Type
		None
 Auto vars:     Size  Location     Type
		None
 Return value:  Size  Location     Type
                  1    wreg      void 
 Registers used:
		wreg, status,2, status,0, pclath, cstack
 Tracked objects:
		On entry : 
		On exit  : 
		Unchanged: 
 Data sizes:     COMMON   BANK0   BANK1   BANK2
      Params:         0       0       0       0
      Locals:         0       0       0       0
      Temps:          0       0       0       0
      Totals:         0       0       0       0
Total ram usage:        0 bytes
 Hardware stack levels used:    1
 Hardware stack levels required when called:    7
 This function calls:
		_PWM2_LoadDutyValue
 This function is called by:
		_main
 This function uses a non-reentrant model


 *************** function _PWM2_LoadDutyValue *****************
 Defined at:
		line 72 in file "mcc_generated_files/pwm2.c"
 Parameters:    Size  Location     Type
  dutyValue       2    0[BANK0 ] unsigned short 
 Auto vars:     Size  Location     Type
		None
 Return value:  Size  Location     Type
                  1    wreg      void 
 Registers used:
		wreg, status,2, status,0
 Tracked objects:
		On entry : 
		On exit  : 
		Unchanged: 
 Data sizes:     COMMON   BANK0   BANK1   BANK2
      Params:         0       2       0       0
      Locals:         0       0       0       0
      Temps:          0       2       0       0
      Totals:         0       4       0       0
Total ram usage:        4 bytes
 Hardware stack levels used:    1
 Hardware stack levels required when called:    6
 This function calls:
		Nothing
 This function is called by:
		_SetPWMMorter
 This function uses a non-reentrant model


 *************** function _SetPWMHeater *****************
 Defined at:
		line 76 in file "rtEnc.c"
 Parameters:    Size  Location     Type
		None
 Auto vars:     Size  Location     Type
		None
 Return value:  Size  Location     Type
                  1    wreg      void 
 Registers used:
		wreg, status,2, status,0, pclath, cstack
 Tracked objects:
		On entry : 
		On exit  : 
		Unchanged: 
 Data sizes:     COMMON   BANK0   BANK1   BANK2
      Params:         0       0       0       0
      Locals:         0       0       0       0
      Temps:          0       0       0       0
      Totals:         0       0       0       0
Total ram usage:        0 bytes
 Hardware stack levels used:    1
 Hardware stack levels required when called:    7
 This function calls:
		_PWM1_LoadDutyValue
		_PWM4_LoadDutyValue
 This function is called by:
		_main
 This function uses a non-reentrant model


 *************** function _PWM4_LoadDutyValue *****************
 Defined at:
		line 72 in file "mcc_generated_files/pwm4.c"
 Parameters:    Size  Location     Type
  dutyValue       2    0[BANK0 ] unsigned short 
 Auto vars:     Size  Location     Type
		None
 Return value:  Size  Location     Type
                  1    wreg      void 
 Registers used:
		wreg, status,2, status,0
 Tracked objects:
		On entry : 
		On exit  : 
		Unchanged: 
 Data sizes:     COMMON   BANK0   BANK1   BANK2
      Params:         0       2       0       0
      Locals:         0       0       0       0
      Temps:          0       2       0       0
      Totals:         0       4       0       0
Total ram usage:        4 bytes
 Hardware stack levels used:    1
 Hardware stack levels required when called:    6
 This function calls:
		Nothing
 This function is called by:
		_SetPWMHeater
 This function uses a non-reentrant model


 *************** function _PWM1_LoadDutyValue *****************
 Defined at:
		line 72 in file "mcc_generated_files/pwm1.c"
 Parameters:    Size  Location     Type
  dutyValue       2    0[BANK0 ] unsigned short 
 Auto vars:     Size  Location     Type
		None
 Return value:  Size  Location     Type
                  1    wreg      void 
[...]
 Tracked objects:
		On entry : 
		On exit  : 
		Unchanged: 
 Data sizes:     COMMON   BANK0   BANK1   BANK2
      Params:         0       0       0       0
      Locals:         0       0       0       0
      Temps:          0       0       0       0
      Totals:         0       0       0       0
Total ram usage:        0 bytes
 Hardware stack levels used:    1
 Hardware stack levels required when called:    3
 This function calls:
		Absolute function
		_IOCAF5_CustumInterruptHandler
		_IOCAF5_DefaultInterruptHandler
 This function is called by:
		_PIN_MANAGER_IOC
 This function uses a non-reentrant model


 *************** function _IOCAF5_CustumInterruptHandler *****************
 Defined at:
		line 43 in file "rtEnc.c"
 Parameters:    Size  Location     Type
		None
 Auto vars:     Size  Location     Type
		None
 Return value:  Size  Location     Type
                  1    wreg      void 
 Registers used:
		wreg, fsr0l, fsr0h, status,2, status,0, pclath, cstack
 Tracked objects:
		On entry : 
		On exit  : 
		Unchanged: 
 Data sizes:     COMMON   BANK0   BANK1   BANK2
      Params:         0       0       0       0
      Locals:         0       0       0       0
      Temps:          0       0       0       0
      Totals:         0       0       0       0
Total ram usage:        0 bytes
 Hardware stack levels used:    1
 Hardware stack levels required when called:    2
 This function calls:
		_cbRE1
 This function is called by:
		_RE_Initialize
		_IOCAF5_ISR
 This function uses a non-reentrant model


 *************** function _IOCAF5_DefaultInterruptHandler *****************
 Defined at:
		line 220 in file "mcc_generated_files/pin_manager.c"
 Parameters:    Size  Location     Type
		None
 Auto vars:     Size  Location     Type
		None
 Return value:  Size  Location     Type
                  1    wreg      void 
 Registers used:
		None
 Tracked objects:
		On entry : 
		On exit  : 
		Unchanged: 
 Data sizes:     COMMON   BANK0   BANK1   BANK2
      Params:         0       0       0       0
      Locals:         0       0       0       0
      Temps:          0       0       0       0
      Totals:         0       0       0       0
Total ram usage:        0 bytes
 Hardware stack levels used:    1
 This function calls:
		Nothing
 This function is called by:
		_PIN_MANAGER_Initialize
		_IOCAF5_ISR
 This function uses a non-reentrant model


 *************** function _IOCAF4_ISR *****************
 Defined at:
		line 168 in file "mcc_generated_files/pin_manager.c"
 Parameters:    Size  Location     Type
		None
 Auto vars:     Size  Location     Type
		None
 Return value:  Size  Location     Type
                  1    wreg      void 
 Registers used:
		wreg, fsr0l, fsr0h, status,2, status,0, pclath, cstack
 Tracked objects:
		On entry : 
		On exit  : 
		Unchanged: 
 Data sizes:     COMMON   BANK0   BANK1   BANK2
      Params:         0       0       0       0
      Locals:         0       0       0       0
      Temps:          0       0       0       0
      Totals:         0       0       0       0
Total ram usage:        0 bytes
 Hardware stack levels used:    1
 Hardware stack levels required when called:    3
 This function calls:
		Absolute function
		_IOCAF4_CustumInterruptHandler
		_IOCAF4_DefaultInterruptHandler
 This function is called by:
		_PIN_MANAGER_IOC
 This function uses a non-reentrant model


 *************** function _IOCAF4_CustumInterruptHandler *****************
 Defined at:
		line 39 in file "rtEnc.c"
 Parameters:    Size  Location     Type
		None
 Auto vars:     Size  Location     Type
		None
 Return value:  Size  Location     Type
                  1    wreg      void 
 Registers used:
		wreg, fsr0l, fsr0h, status,2, status,0, pclath, cstack
 Tracked objects:
		On entry : 
		On exit  : 
		Unchanged: 
 Data sizes:     COMMON   BANK0   BANK1   BANK2
      Params:         0       0       0       0
      Locals:         0       0       0       0
      Temps:          0       0       0       0
      Totals:         0       0       0       0
Total ram usage:        0 bytes
 Hardware stack levels used:    1
 Hardware stack levels required when called:    2
 This function calls:
		_cbRE1
 This function is called by:
		_RE_Initialize
		_IOCAF4_ISR
 This function uses a non-reentrant model


 *************** function _IOCAF4_DefaultInterruptHandler *****************
 Defined at:
		line 190 in file "mcc_generated_files/pin_manager.c"
 Parameters:    Size  Location     Type
		None
 Auto vars:     Size  Location     Type
		None
 Return value:  Size  Location     Type
                  1    wreg      void 
 Registers used:
		None
 Tracked objects:
		On entry : 
		On exit  : 
		Unchanged: 
 Data sizes:     COMMON   BANK0   BANK1   BANK2
      Params:         0       0       0       0
      Locals:         0       0       0       0
      Temps:          0       0       0       0
      Totals:         0       0       0       0
Total ram usage:        0 bytes
 Hardware stack levels used:    1
 This function calls:
		Nothing
 This function is called by:
		_PIN_MANAGER_Initialize
		_IOCAF4_ISR
 This function uses a non-reentrant model


 *************** function _cbRE1 *****************
 Defined at:
		line 25 in file "rtEnc.c"
 Parameters:    Size  Location     Type
		None
 Auto vars:     Size  Location     Type
		None
 Return value:  Size  Location     Type
                  1    wreg      void 
 Registers used:
		wreg, fsr0l, fsr0h, status,2, status,0, pclath, cstack
 Tracked objects:
		On entry : 
		On exit  : 
		Unchanged: 
 Data sizes:     COMMON   BANK0   BANK1   BANK2
      Params:         0       0       0       0
      Locals:         0       0       0       0
      Temps:          2       0       0       0
      Totals:         2       0       0       0
Total ram usage:        2 bytes
 Hardware stack levels used:    1
 Hardware stack levels required when called:    1
 This function calls:
		_readRE1
 This function is called by:
		_IOCAF4_CustumInterruptHandler
		_IOCAF5_CustumInterruptHandler
 This function uses a non-reentrant model


 *************** function _readRE1 *****************
 Defined at:
		line 14 in file "rtEnc.c"
 Parameters:    Size  Location     Type
		None
 Auto vars:     Size  Location     Type
		None
 Return value:  Size  Location     Type
                  1    wreg      char 
 Registers used:
		wreg, fsr0l, fsr0h, status,2, status,0, pclath
 Tracked objects:
		On entry : 
		On exit  : 
		Unchanged: 
 Data sizes:     COMMON   BANK0   BANK1   BANK2
      Params:         0       0       0       0
      Locals:         0       0       0       0
      Temps:          4       0       0       0
      Totals:         4       0       0       0
Total ram usage:        4 bytes
 Hardware stack levels used:    1
 This function calls:
		Nothing
 This function is called by:
		_cbRE1
 This function uses a non-reentrant model


 *************** function _INT_ISR *****************
 Defined at:
		line 32 in file "mcc_generated_files/ext_int.c"
 Parameters:    Size  Location     Type
		None
 Auto vars:     Size  Location     Type
		None
 Return value:  Size  Location     Type
                  1    wreg      void 
 Registers used:
		wreg, status,2, status,0, pclath, cstack
 Tracked objects:
		On entry : 
		On exit  : 
		Unchanged: 
 Data sizes:     COMMON   BANK0   BANK1   BANK2
      Params:         0       0       0       0
      Locals:         0       0       0       0
      Temps:          0       0       0       0
      Totals:         0       0       0       0
Total ram usage:        0 bytes
 Hardware stack levels used:    1
 Hardware stack levels required when called:    2
 This function calls:
		_INT_CallBack
 This function is called by:
		_INTERRUPT_InterruptManager
 This function uses a non-reentrant model


 *************** function _INT_CallBack *****************
 Defined at:
		line 41 in file "mcc_generated_files/ext_int.c"
 Parameters:    Size  Location     Type
		None
 Auto vars:     Size  Location     Type
		None
 Return value:  Size  Location     Type
                  1    wreg      void 
 Registers used:
		wreg, status,2, status,0, pclath, cstack
 Tracked objects:
		On entry : 
		On exit  : 
		Unchanged: 
 Data sizes:     COMMON   BANK0   BANK1   BANK2
      Params:         0       0       0       0
      Locals:         0       0       0       0
      Temps:          0       0       0       0
      Totals:         0       0       0       0
Total ram usage:        0 bytes
 Hardware stack levels used:    1
 Hardware stack levels required when called:    1
 This function calls:
		Absolute function
		_INTCustumInterruptHandler
		_INT_DefaultInterruptHandler
 This function is called by:
		_INT_ISR
 This function uses a non-reentrant model


 *************** function _INTCustumInterruptHandler *****************
 Defined at:
		line 6 in file "rpmHole.c"
 Parameters:    Size  Location     Type
		None
 Auto vars:     Size  Location     Type
		None
 Return value:  Size  Location     Type
                  1    wreg      void 
 Registers used:
		wreg, status,2, status,0
 Tracked objects:
		On entry : 
		On exit  : 
		Unchanged: 
 Data sizes:     COMMON   BANK0   BANK1   BANK2
      Params:         0       0       0       0
      Locals:         0       0       0       0
      Temps:          1       0       0       0
      Totals:         1       0       0       0
Total ram usage:        1 bytes
 Hardware stack levels used:    1
 This function calls:
		Nothing
 This function is called by:
		_Hole_Initialize
		_INT_CallBack
 This function uses a non-reentrant model


 *************** function _INT_DefaultInterruptHandler *****************
 Defined at:
		line 54 in file "mcc_generated_files/ext_int.c"
 Parameters:    Size  Location     Type
		None
 Auto vars:     Size  Location     Type
		None
 Return value:  Size  Location     Type
                  1    wreg      void 
 Registers used:
		None
 Tracked objects:
		On entry : 
		On exit  : 
		Unchanged: 
 Data sizes:     COMMON   BANK0   BANK1   BANK2
      Params:         0       0       0       0
      Locals:         0       0       0       0
      Temps:          0       0       0       0
      Totals:         0       0       0       0
Total ram usage:        0 bytes
 Hardware stack levels used:    1
 This function calls:
		Nothing
 This function is called by:
		_EXT_INT_Initialize
		_INT_CallBack
 This function uses a non-reentrant model


 *************** function _I2C_ISR *****************
 Defined at:
		line 235 in file "mcc_generated_files/i2c.c"
 Parameters:    Size  Location     Type
		None
 Auto vars:     Size  Location     Type
		None
 Return value:  Size  Location     Type
                  1    wreg      void 
 Registers used:
		wreg, fsr0l, fsr0h, fsr1l, fsr1h, status,2, status,0, pclath, cstack
 Tracked objects:
		On entry : 
		On exit  : 
		Unchanged: 
 Data sizes:     COMMON   BANK0   BANK1   BANK2
      Params:         0       0       0       0
      Locals:         0       0       0       0
      Temps:          4       0       0       0
      Totals:         4       0       0       0
Total ram usage:        4 bytes
 Hardware stack levels used:    1
 Hardware stack levels required when called:    1
 This function calls:
		_I2C_FunctionComplete
		_I2C_Stop
 This function is called by:
		_INTERRUPT_InterruptManager
 This function uses a non-reentrant model


 *************** function _I2C_Stop *****************
 Defined at:
		line 583 in file "mcc_generated_files/i2c.c"
 Parameters:    Size  Location     Type
  completion_c    1    wreg     enum E3475
 Auto vars:     Size  Location     Type
  completion_c    1    1[COMMON] enum E3475
 Return value:  Size  Location     Type
                  1    wreg      void 
 Registers used:
		wreg, fsr1l, fsr1h, status,2, status,0
 Tracked objects:
		On entry : 
		On exit  : 
		Unchanged: 
 Data sizes:     COMMON   BANK0   BANK1   BANK2
      Params:         0       0       0       0
      Locals:         1       0       0       0
      Temps:          1       0       0       0
      Totals:         2       0       0       0
Total ram usage:        2 bytes
 Hardware stack levels used:    1
 This function calls:
		Nothing
 This function is called by:
		_I2C_ISR
 This function uses a non-reentrant model


 *************** function _I2C_FunctionComplete *****************
 Defined at:
		line 565 in file "mcc_generated_files/i2c.c"
 Parameters:    Size  Location     Type
		None
 Auto vars:     Size  Location     Type
		None
 Return value:  Size  Location     Type
                  1    wreg      void 
 Registers used:
		wreg, status,2, status,0
 Tracked objects:
		On entry : 
		On exit  : 
		Unchanged: 
 Data sizes:     COMMON   BANK0   BANK1   BANK2
      Params:         0       0       0       0
      Locals:         0       0       0       0
      Temps:          1       0       0       0
      Totals:         1       0       0       0
Total ram usage:        1 bytes
 Hardware stack levels used:    1
 This function calls:
		Nothing
 This function is called by:
		_I2C_ISR
 This function uses a non-reentrant model


 *************** function _I2C_BusCollisionISR *****************
 Defined at:
		line 742 in file "mcc_generated_files/i2c.c"
 Parameters:    Size  Location     Type
		None
 Auto vars:     Size  Location     Type
		None
 Return value:  Size  Location     Type
                  1    wreg      void 
 Registers used:
		None
 Tracked objects:
		On entry : 
		On exit  : 
		Unchanged: 
 Data sizes:     COMMON   BANK0   BANK1   BANK2
      Params:         0       0       0       0
      Locals:         0       0       0       0
      Temps:          0       0       0       0
      Totals:         0       0       0       0
Total ram usage:        0 bytes
 Hardware stack levels used:    1
 This function calls:
		Nothing
 This function is called by:
		_INTERRUPT_InterruptManager
 This function uses a non-reentrant model



MODULE INFORMATION

Module		Function		Class		Link	Load	Size
mcc_generated_files/pwm4.c
		_PWM4_Initialize		CODE           	0F9A	0000	9
		_PWM4_LoadDutyValue		CODE           	072F	0000	26

mcc_generated_files/pwm4.c estimated size: 35

mcc_generated_files/tmr2.c
		_TMR2_Initialize		CODE           	0FA2	0000	9

mcc_generated_files/tmr2.c estimated size: 9

mcc_generated_files/interrupt_manager.c
		_INTERRUPT_InterruptManager		CODE           	0004	0000	80

mcc_generated_files/interrupt_manager.c estimated size: 80

mcc_generated_files/pwm2.c
		_PWM2_Initialize		CODE           	0F92	0000	9
		_PWM2_LoadDutyValue		CODE           	0716	0000	26

mcc_generated_files/pwm2.c estimated size: 35

mcc_generated_files/i2c.c
		_I2C_FunctionComplete		CODE           	07A8	0000	20
		_I2C_MasterWrite		CODE           	042D	0000	45
		_I2C_MasterTRBInsert		CODE           	029B	0000	83
		_I2C_ISR       		CODE           	0077	0000	408
		_I2C_Stop      		CODE           	06FC	0000	27
		_I2C_MasterReadTRBBuild		CODE           	0485	0000	41
		_I2C_WaitForLastPacketToComplete		CODE           	0FAA	0000	10
		_I2C_Initialize		CODE           	06E2	0000	27
		_I2C_MasterWriteTRBBuild		CODE           	0686	0000	33
		_I2C_BusCollisionISR		CODE           	0F3D	0000	4
		_I2C_MasterRead		CODE           	0459	0000	45

mcc_generated_files/i2c.c estimated size: 743

mcc_generated_files/tmr0.c
		_TMR0_SetInterruptHandler		CODE           	0F7E	0000	7
		_TMR0_DefaultInterruptHandler		CODE           	0F3C	0000	2
		_TMR0_CallBack 		CODE           	0FE2	0000	15
		_TMR0_ISR      		CODE           	0761	0000	26
		_TMR0_Initialize		CODE           	0792	0000	23

mcc_generated_files/tmr0.c estimated size: 73

mcc_generated_files/pin_manager.c
		_IOCAF5_SetInterruptHandler		CODE           	0F66	0000	7
		_PIN_MANAGER_Initialize		CODE           	0387	0000	71
		_IOCBF5_SetInterruptHandler		CODE           	0F6C	0000	7
		_IOCAF4_DefaultInterruptHandler		CODE           	0F38	0000	2
		_IOCAF4_ISR    		CODE           	0FF0	0000	17
		_IOCBF7_DefaultInterruptHandler		CODE           	0F3B	0000	2
		_IOCBF7_ISR    		CODE           	07CB	0000	17
		_IOCAF5_DefaultInterruptHandler		CODE           	0F39	0000	2
		_IOCAF5_ISR    		CODE           	07EB	0000	17
		_PIN_MANAGER_IOC		CODE           	0570	0000	38
		_IOCAF4_SetInterruptHandler		CODE           	0F60	0000	7
		_IOCBF5_DefaultInterruptHandler		CODE           	0F3A	0000	2
		_IOCBF5_ISR    		CODE           	07DB	0000	17
		_IOCBF7_SetInterruptHandler		CODE           	0F72	0000	7

mcc_generated_files/pin_manager.c estimated size: 213

i2cMotor.c
		_SetMotorSpeed 		CODE           	0400	0000	46
		_GetFaultState 		CODE           	04FC	0000	40
		_zeroMotorParam		CODE           	05DE	0000	36

i2cMotor.c estimated size: 122

i2cGeneric.c
		_i2cRead       		CODE           	020E	0000	142
		_i2cRegisterWrite1Byte		CODE           	06C5	0000	30
		_i2cRegisterRead1Byte		CODE           	0601	0000	35
		_i2cWrite      		CODE           	033D	0000	75

i2cGeneric.c estimated size: 282

mcc_generated_files/ext_int.c
		_INT_DefaultInterruptHandler		CODE           	0F37	0000	2
		_EXT_INT_Initialize		CODE           	0FC7	0000	14
		_INT_SetInterruptHandler		CODE           	0F5A	0000	7
		_INT_CallBack  		CODE           	0FD4	0000	15
		_INT_ISR       		CODE           	07FB	0000	6

mcc_generated_files/ext_int.c estimated size: 44

shared
		_stts751addr   		STRCODE        	0800	0000	3
		_rpm_multipuler		STRCODE        	0802	0000	2
		_tempHighreg   		STRCODE        	0804	0000	2
		__initialization		CODE           	0055	0000	31
		_rePattern     		STRCODE        	07BB	0000	17
		_tempLowreg    		STRCODE        	0000	0000	0

shared estimated size: 55

timer0Handler.c
		_TMR0_CustumInterruptHandler		CODE           	0523	0000	40
		_tmr0Handler_Initialize		CODE           	0FB3	0000	10

timer0Handler.c estimated size: 50

mcc_generated_files/mcc.c
		_WDT_Initialize		CODE           	0F50	0000	5
		_OSCILLATOR_Initialize		CODE           	0F78	0000	7
		_SYSTEM_Initialize		CODE           	06A6	0000	32

mcc_generated_files/mcc.c estimated size: 44

mcc_generated_files/pwm1.c
		_PWM1_Initialize		CODE           	0F8A	0000	9
		_PWM1_LoadDutyValue		CODE           	0748	0000	26

mcc_generated_files/pwm1.c estimated size: 35

rpmHole.c
		_Hole_Initialize		CODE           	0FBC	0000	12
		_INTCustumInterruptHandler		CODE           	0F54	0000	7

rpmHole.c estimated size: 19

rtEnc.c
		_SetPWMHeater  		CODE           	054A	0000	39
		_cbRE1         		CODE           	03CD	0000	52
		_IOCAF5_CustumInterruptHandler		CODE           	0F44	0000	5
		_IOCBF5_CustumInterruptHandler		CODE           	0F48	0000	5
		_cbRE2         		CODE           	04AD	0000	41
		_readRE2       		CODE           	0595	0000	38
		_SetPWMMorter  		CODE           	0666	0000	33
		_RE_Initialize 		CODE           	0645	0000	34
		_readRE1       		CODE           	05BA	0000	37
		_IOCAF4_CustumInterruptHandler		CODE           	0F40	0000	5
		_IOCBF7_CustumInterruptHandler		CODE           	0F4C	0000	5

rtEnc.c estimated size: 294

C:\Program Files (x86)\Microchip\xc8\v2.00\pic\sources\c99\common\Umul16.c
		___wmul        		CODE           	0623	0000	35

C:\Program Files (x86)\Microchip\xc8\v2.00\pic\sources\c99\common\Umul16.c estimated size: 35

main.c
		_main          		CODE           	02ED	0000	81

main.c estimated size: 81

i2cTherm.c
		_getTemp       		CODE           	04D5	0000	40

i2cTherm.c estimated size: 40

